mode: set
go-ecommerce-backend-api/tests/basic/main.go:3.24,5.2 1 1
go-ecommerce-backend-api/tests/basic/main.go:7.14,9.2 0 0
